{"sessionId":"7a3ee5","runId":"pre","hypothesisId":"H5","location":"admissions.c:thread_receptionist","message":"start","data":{},"timestamp":1778328481070}
{"sessionId":"7a3ee5","runId":"pre","hypothesisId":"H5","location":"admissions.c:thread_receptionist","message":"exit","data":{},"timestamp":1778328482076}
{"sessionId":"7a3ee5","runId":"pre","hypothesisId":"H4","location":"admissions.c:thread_receptionist:read","message":"triage_fifo_read","data":{"n":29,"has_nl":1},"timestamp":1778328482093}
{"sessionId":"7a3ee5","runId":"pre","hypothesisId":"H5","location":"admissions.c:main","message":"join_receptionist_done","data":{},"timestamp":1778328482093}
{"sessionId":"7a3ee5","runId":"pre","hypothesisId":"H4","location":"admissions.c:thread_receptionist:enqueue","message":"triage_parsed","data":{"patient_id":824,"priority":2},"timestamp":1778328482113}
{"sessionId":"7a3ee5","runId":"pre","hypothesisId":"H5","location":"admissions.c:main","message":"join_scheduler_begin","data":{},"timestamp":1778328482114}
{"sessionId":"7a3ee5","runId":"pre","hypothesisId":"H2","location":"bed_allocator.c:ba_alloc","message":"alloc_choice","data":{"patient_id":824,"care_units":3,"idx":0,"bed_size":3},"timestamp":1778328482128}
{"sessionId":"7a3ee5","runId":"pre","hypothesisId":"H5","location":"admissions.c:main","message":"join_scheduler_done","data":{},"timestamp":1778328482128}
{"sessionId":"7a3ee5","runId":"pre","hypothesisId":"H2","location":"admissions.c:thread_scheduler:alloc","message":"allocated_bed","data":{"patient_id":824,"bed_id":0},"timestamp":1778328482143}
{"sessionId":"7a3ee5","runId":"pre","hypothesisId":"H5","location":"admissions.c:main","message":"join_nurse_icu_begin","data":{},"timestamp":1778328482143}
{"sessionId":"7a3ee5","runId":"pre","hypothesisId":"H4","location":"admissions.c:thread_receptionist:read","message":"triage_fifo_read","data":{"n":29,"has_nl":1},"timestamp":1778328482313}
{"sessionId":"7a3ee5","runId":"pre","hypothesisId":"H4","location":"admissions.c:thread_receptionist:enqueue","message":"triage_parsed","data":{"patient_id":828,"priority":5},"timestamp":1778328482337}
{"sessionId":"7a3ee5","runId":"pre","hypothesisId":"H2","location":"bed_allocator.c:ba_alloc","message":"alloc_choice","data":{"patient_id":828,"care_units":1,"idx":8,"bed_size":1},"timestamp":1778328482355}
{"sessionId":"7a3ee5","runId":"pre","hypothesisId":"H2","location":"admissions.c:thread_scheduler:alloc","message":"allocated_bed","data":{"patient_id":828,"bed_id":8},"timestamp":1778328482371}
{"sessionId":"7a3ee5","runId":"pre","hypothesisId":"H4","location":"admissions.c:thread_receptionist:read","message":"triage_fifo_read","data":{"n":29,"has_nl":1},"timestamp":1778328482532}
{"sessionId":"7a3ee5","runId":"pre","hypothesisId":"H4","location":"admissions.c:thread_receptionist:enqueue","message":"triage_parsed","data":{"patient_id":832,"priority":5},"timestamp":1778328482557}
{"sessionId":"7a3ee5","runId":"pre","hypothesisId":"H2","location":"bed_allocator.c:ba_alloc","message":"alloc_choice","data":{"patient_id":832,"care_units":1,"idx":9,"bed_size":1},"timestamp":1778328482576}
{"sessionId":"7a3ee5","runId":"pre","hypothesisId":"H2","location":"admissions.c:thread_scheduler:alloc","message":"allocated_bed","data":{"patient_id":832,"bed_id":9},"timestamp":1778328482590}
{"sessionId":"7a3ee5","runId":"pre","hypothesisId":"H4","location":"admissions.c:thread_receptionist:read","message":"triage_fifo_read","data":{"n":29,"has_nl":1},"timestamp":1778328482749}
{"sessionId":"7a3ee5","runId":"pre","hypothesisId":"H4","location":"admissions.c:thread_receptionist:enqueue","message":"triage_parsed","data":{"patient_id":836,"priority":5},"timestamp":1778328482766}
{"sessionId":"7a3ee5","runId":"pre","hypothesisId":"H2","location":"bed_allocator.c:ba_alloc","message":"alloc_choice","data":{"patient_id":836,"care_units":1,"idx":10,"bed_size":1},"timestamp":1778328482781}
{"sessionId":"7a3ee5","runId":"pre","hypothesisId":"H2","location":"admissions.c:thread_scheduler:alloc","message":"allocated_bed","data":{"patient_id":836,"bed_id":10},"timestamp":1778328482797}
{"sessionId":"7a3ee5","runId":"pre","hypothesisId":"H4","location":"admissions.c:thread_receptionist:read","message":"triage_fifo_read","data":{"n":29,"has_nl":1},"timestamp":1778328482965}
{"sessionId":"7a3ee5","runId":"pre","hypothesisId":"H4","location":"admissions.c:thread_receptionist:enqueue","message":"triage_parsed","data":{"patient_id":840,"priority":1},"timestamp":1778328482982}
{"sessionId":"7a3ee5","runId":"pre","hypothesisId":"H2","location":"bed_allocator.c:ba_alloc","message":"alloc_choice","data":{"patient_id":840,"care_units":3,"idx":1,"bed_size":3},"timestamp":1778328482999}
{"sessionId":"7a3ee5","runId":"pre","hypothesisId":"H2","location":"admissions.c:thread_scheduler:alloc","message":"allocated_bed","data":{"patient_id":840,"bed_id":1},"timestamp":1778328483017}
{"sessionId":"7a3ee5","runId":"pre","hypothesisId":"H4","location":"admissions.c:thread_receptionist:read","message":"triage_fifo_read","data":{"n":32,"has_nl":1},"timestamp":1778328483184}
{"sessionId":"7a3ee5","runId":"pre","hypothesisId":"H4","location":"admissions.c:thread_receptionist:enqueue","message":"triage_parsed","data":{"patient_id":844,"priority":5},"timestamp":1778328483205}
{"sessionId":"7a3ee5","runId":"pre","hypothesisId":"H2","location":"bed_allocator.c:ba_alloc","message":"alloc_choice","data":{"patient_id":844,"care_units":1,"idx":11,"bed_size":1},"timestamp":1778328483221}
{"sessionId":"7a3ee5","runId":"pre","hypothesisId":"H2","location":"admissions.c:thread_scheduler:alloc","message":"allocated_bed","data":{"patient_id":844,"bed_id":11},"timestamp":1778328483239}
{"sessionId":"7a3ee5","runId":"pre","hypothesisId":"H4","location":"admissions.c:thread_receptionist:read","message":"triage_fifo_read","data":{"n":29,"has_nl":1},"timestamp":1778328483402}
{"sessionId":"7a3ee5","runId":"pre","hypothesisId":"H4","location":"admissions.c:thread_receptionist:enqueue","message":"triage_parsed","data":{"patient_id":848,"priority":2},"timestamp":1778328483419}
{"sessionId":"7a3ee5","runId":"pre","hypothesisId":"H2","location":"bed_allocator.c:ba_alloc","message":"alloc_choice","data":{"patient_id":848,"care_units":3,"idx":2,"bed_size":3},"timestamp":1778328483435}
{"sessionId":"7a3ee5","runId":"pre","hypothesisId":"H2","location":"admissions.c:thread_scheduler:alloc","message":"allocated_bed","data":{"patient_id":848,"bed_id":2},"timestamp":1778328483451}
{"sessionId":"7a3ee5","runId":"pre","hypothesisId":"H4","location":"admissions.c:thread_receptionist:read","message":"triage_fifo_read","data":{"n":29,"has_nl":1},"timestamp":1778328483619}
{"sessionId":"7a3ee5","runId":"pre","hypothesisId":"H4","location":"admissions.c:thread_receptionist:enqueue","message":"triage_parsed","data":{"patient_id":852,"priority":3},"timestamp":1778328483638}
{"sessionId":"7a3ee5","runId":"pre","hypothesisId":"H2","location":"bed_allocator.c:ba_alloc","message":"alloc_choice","data":{"patient_id":852,"care_units":2,"idx":4,"bed_size":2},"timestamp":1778328483654}
{"sessionId":"7a3ee5","runId":"pre","hypothesisId":"H2","location":"admissions.c:thread_scheduler:alloc","message":"allocated_bed","data":{"patient_id":852,"bed_id":4},"timestamp":1778328483670}
{"sessionId":"7a3ee5","runId":"pre","hypothesisId":"H4","location":"admissions.c:thread_receptionist:read","message":"triage_fifo_read","data":{"n":30,"has_nl":1},"timestamp":1778328483835}
{"sessionId":"7a3ee5","runId":"pre","hypothesisId":"H4","location":"admissions.c:thread_receptionist:enqueue","message":"triage_parsed","data":{"patient_id":856,"priority":5},"timestamp":1778328483853}
{"sessionId":"7a3ee5","runId":"pre","hypothesisId":"H2","location":"bed_allocator.c:ba_alloc","message":"alloc_choice","data":{"patient_id":856,"care_units":1,"idx":12,"bed_size":1},"timestamp":1778328483876}
{"sessionId":"7a3ee5","runId":"pre","hypothesisId":"H2","location":"admissions.c:thread_scheduler:alloc","message":"allocated_bed","data":{"patient_id":856,"bed_id":12},"timestamp":1778328483894}
{"sessionId":"7a3ee5","runId":"pre","hypothesisId":"H4","location":"admissions.c:thread_receptionist:read","message":"triage_fifo_read","data":{"n":30,"has_nl":1},"timestamp":1778328484052}
{"sessionId":"7a3ee5","runId":"pre","hypothesisId":"H4","location":"admissions.c:thread_receptionist:enqueue","message":"triage_parsed","data":{"patient_id":860,"priority":5},"timestamp":1778328484070}
{"sessionId":"7a3ee5","runId":"pre","hypothesisId":"H2","location":"bed_allocator.c:ba_alloc","message":"alloc_choice","data":{"patient_id":860,"care_units":1,"idx":13,"bed_size":1},"timestamp":1778328484087}
{"sessionId":"7a3ee5","runId":"pre","hypothesisId":"H2","location":"admissions.c:thread_scheduler:alloc","message":"allocated_bed","data":{"patient_id":860,"bed_id":13},"timestamp":1778328484103}
{"sessionId":"7a3ee5","runId":"pre","hypothesisId":"H4","location":"admissions.c:thread_receptionist:read","message":"triage_fifo_read","data":{"n":29,"has_nl":1},"timestamp":1778328484270}
{"sessionId":"7a3ee5","runId":"pre","hypothesisId":"H4","location":"admissions.c:thread_receptionist:enqueue","message":"triage_parsed","data":{"patient_id":864,"priority":5},"timestamp":1778328484289}
{"sessionId":"7a3ee5","runId":"pre","hypothesisId":"H2","location":"bed_allocator.c:ba_alloc","message":"alloc_choice","data":{"patient_id":864,"care_units":1,"idx":14,"bed_size":1},"timestamp":1778328484302}
{"sessionId":"7a3ee5","runId":"pre","hypothesisId":"H2","location":"admissions.c:thread_scheduler:alloc","message":"allocated_bed","data":{"patient_id":864,"bed_id":14},"timestamp":1778328484319}
{"sessionId":"7a3ee5","runId":"pre","hypothesisId":"H4","location":"admissions.c:thread_receptionist:read","message":"triage_fifo_read","data":{"n":29,"has_nl":1},"timestamp":1778328484491}
{"sessionId":"7a3ee5","runId":"pre","hypothesisId":"H4","location":"admissions.c:thread_receptionist:enqueue","message":"triage_parsed","data":{"patient_id":868,"priority":4},"timestamp":1778328484509}
{"sessionId":"7a3ee5","runId":"pre","hypothesisId":"H2","location":"bed_allocator.c:ba_alloc","message":"alloc_choice","data":{"patient_id":868,"care_units":1,"idx":15,"bed_size":1},"timestamp":1778328484526}
{"sessionId":"7a3ee5","runId":"pre","hypothesisId":"H2","location":"admissions.c:thread_scheduler:alloc","message":"allocated_bed","data":{"patient_id":868,"bed_id":15},"timestamp":1778328484542}
{"sessionId":"7a3ee5","runId":"pre","hypothesisId":"H4","location":"admissions.c:thread_receptionist:read","message":"triage_fifo_read","data":{"n":31,"has_nl":1},"timestamp":1778328484707}
{"sessionId":"7a3ee5","runId":"pre","hypothesisId":"H4","location":"admissions.c:thread_receptionist:enqueue","message":"triage_parsed","data":{"patient_id":874,"priority":2},"timestamp":1778328484723}
{"sessionId":"7a3ee5","runId":"pre","hypothesisId":"H2","location":"bed_allocator.c:ba_alloc","message":"alloc_choice","data":{"patient_id":874,"care_units":3,"idx":3,"bed_size":3},"timestamp":1778328484739}
{"sessionId":"7a3ee5","runId":"pre","hypothesisId":"H2","location":"admissions.c:thread_scheduler:alloc","message":"allocated_bed","data":{"patient_id":874,"bed_id":3},"timestamp":1778328484754}
{"sessionId":"7a3ee5","runId":"pre","hypothesisId":"H4","location":"admissions.c:thread_receptionist:read","message":"triage_fifo_read","data":{"n":29,"has_nl":1},"timestamp":1778328484927}
{"sessionId":"7a3ee5","runId":"pre","hypothesisId":"H4","location":"admissions.c:thread_receptionist:enqueue","message":"triage_parsed","data":{"patient_id":878,"priority":3},"timestamp":1778328484945}
{"sessionId":"7a3ee5","runId":"pre","hypothesisId":"H2","location":"bed_allocator.c:ba_alloc","message":"alloc_choice","data":{"patient_id":878,"care_units":2,"idx":5,"bed_size":2},"timestamp":1778328484962}
{"sessionId":"7a3ee5","runId":"pre","hypothesisId":"H2","location":"admissions.c:thread_scheduler:alloc","message":"allocated_bed","data":{"patient_id":878,"bed_id":5},"timestamp":1778328484980}
{"sessionId":"7a3ee5","runId":"pre","hypothesisId":"H4","location":"admissions.c:thread_receptionist:read","message":"triage_fifo_read","data":{"n":31,"has_nl":1},"timestamp":1778328485143}
{"sessionId":"7a3ee5","runId":"pre","hypothesisId":"H4","location":"admissions.c:thread_receptionist:enqueue","message":"triage_parsed","data":{"patient_id":882,"priority":3},"timestamp":1778328485160}
{"sessionId":"7a3ee5","runId":"pre","hypothesisId":"H2","location":"bed_allocator.c:ba_alloc","message":"alloc_choice","data":{"patient_id":882,"care_units":2,"idx":6,"bed_size":2},"timestamp":1778328485177}
{"sessionId":"7a3ee5","runId":"pre","hypothesisId":"H2","location":"admissions.c:thread_scheduler:alloc","message":"allocated_bed","data":{"patient_id":882,"bed_id":6},"timestamp":1778328485195}
{"sessionId":"7a3ee5","runId":"pre","hypothesisId":"H4","location":"admissions.c:thread_receptionist:read","message":"triage_fifo_read","data":{"n":29,"has_nl":1},"timestamp":1778328485360}
{"sessionId":"7a3ee5","runId":"pre","hypothesisId":"H4","location":"admissions.c:thread_receptionist:enqueue","message":"triage_parsed","data":{"patient_id":886,"priority":4},"timestamp":1778328485381}
{"sessionId":"7a3ee5","runId":"pre","hypothesisId":"H2","location":"bed_allocator.c:ba_alloc","message":"alloc_choice","data":{"patient_id":886,"care_units":1,"idx":16,"bed_size":1},"timestamp":1778328485398}
{"sessionId":"7a3ee5","runId":"pre","hypothesisId":"H2","location":"admissions.c:thread_scheduler:alloc","message":"allocated_bed","data":{"patient_id":886,"bed_id":16},"timestamp":1778328485414}
{"sessionId":"7a3ee5","runId":"pre","hypothesisId":"H4","location":"admissions.c:thread_receptionist:read","message":"triage_fifo_read","data":{"n":30,"has_nl":1},"timestamp":1778328485579}
{"sessionId":"7a3ee5","runId":"pre","hypothesisId":"H4","location":"admissions.c:thread_receptionist:enqueue","message":"triage_parsed","data":{"patient_id":890,"priority":5},"timestamp":1778328485597}
{"sessionId":"7a3ee5","runId":"pre","hypothesisId":"H2","location":"bed_allocator.c:ba_alloc","message":"alloc_choice","data":{"patient_id":890,"care_units":1,"idx":17,"bed_size":1},"timestamp":1778328485613}
{"sessionId":"7a3ee5","runId":"pre","hypothesisId":"H3","location":"admissions.c:thread_nurse:park","message":"park_discharge_id","data":{"patient_id":832,"lost_count":1},"timestamp":1778328485613}
{"sessionId":"7a3ee5","runId":"pre","hypothesisId":"H2","location":"admissions.c:thread_scheduler:alloc","message":"allocated_bed","data":{"patient_id":890,"bed_id":17},"timestamp":1778328485628}
{"sessionId":"7a3ee5","runId":"pre","hypothesisId":"H4","location":"admissions.c:thread_receptionist:read","message":"triage_fifo_read","data":{"n":29,"has_nl":1},"timestamp":1778328485794}
{"sessionId":"7a3ee5","runId":"pre","hypothesisId":"H4","location":"admissions.c:thread_receptionist:enqueue","message":"triage_parsed","data":{"patient_id":894,"priority":2},"timestamp":1778328485812}
{"sessionId":"7a3ee5","runId":"pre","hypothesisId":"H4","location":"admissions.c:thread_receptionist:read","message":"triage_fifo_read","data":{"n":29,"has_nl":1},"timestamp":1778328486010}
{"sessionId":"7a3ee5","runId":"pre","hypothesisId":"H4","location":"admissions.c:thread_receptionist:enqueue","message":"triage_parsed","data":{"patient_id":897,"priority":4},"timestamp":1778328486027}
{"sessionId":"7a3ee5","runId":"pre","hypothesisId":"H4","location":"admissions.c:thread_receptionist:read","message":"triage_fifo_read","data":{"n":29,"has_nl":1},"timestamp":1778328486229}
{"sessionId":"7a3ee5","runId":"pre","hypothesisId":"H4","location":"admissions.c:thread_receptionist:enqueue","message":"triage_parsed","data":{"patient_id":900,"priority":4},"timestamp":1778328486247}
{"sessionId":"7a3ee5","runId":"pre","hypothesisId":"H4","location":"admissions.c:thread_receptionist:read","message":"triage_fifo_read","data":{"n":91,"has_nl":1},"timestamp":1778328486453}
{"sessionId":"7a3ee5","runId":"pre","hypothesisId":"H4","location":"admissions.c:thread_receptionist:enqueue","message":"triage_parsed","data":{"patient_id":903,"priority":1},"timestamp":1778328486474}
{"sessionId":"7a3ee5","runId":"pre","hypothesisId":"H4","location":"admissions.c:thread_receptionist:read","message":"triage_fifo_read","data":{"n":60,"has_nl":1},"timestamp":1778328486492}
{"sessionId":"7a3ee5","runId":"pre","hypothesisId":"H4","location":"admissions.c:thread_receptionist:enqueue","message":"triage_parsed","data":{"patient_id":904,"priority":2},"timestamp":1778328486510}
{"sessionId":"7a3ee5","runId":"pre","hypothesisId":"H3","location":"admissions.c:thread_nurse:free","message":"free_bed","data":{"patient_id":824,"bed_id":0},"timestamp":1778328487152}
{"sessionId":"7a3ee5","runId":"pre","hypothesisId":"H1","location":"bed_allocator.c:ba_free","message":"freed_partition_idx","data":{"idx":0},"timestamp":1778328487166}
{"sessionId":"7a3ee5","runId":"pre","hypothesisId":"H5","location":"admissions.c:main","message":"join_nurse_icu_done","data":{},"timestamp":1778328487185}
{"sessionId":"7a3ee5","runId":"pre","hypothesisId":"H5","location":"admissions.c:main","message":"join_nurse_isolation_begin","data":{},"timestamp":1778328487203}
{"sessionId":"7a3ee5","runId":"pre","hypothesisId":"H3","location":"admissions.c:thread_nurse:park","message":"park_discharge_id","data":{"patient_id":844,"lost_count":1},"timestamp":1778328487247}
{"sessionId":"7a3ee5","runId":"pre","hypothesisId":"H5","location":"admissions.c:main","message":"join_nurse_icu_done","data":{},"timestamp":1778328487350}
{"sessionId":"7a3ee5","runId":"pre","hypothesisId":"H5","location":"admissions.c:main","message":"join_nurse_isolation_begin","data":{},"timestamp":1778328487366}
{"sessionId":"7a3ee5","runId":"pre","hypothesisId":"H3","location":"admissions.c:thread_nurse:park","message":"park_discharge_id","data":{"patient_id":836,"lost_count":2},"timestamp":1778328487805}
{"sessionId":"7a3ee5","runId":"pre","hypothesisId":"H3","location":"admissions.c:thread_nurse:free","message":"free_bed","data":{"patient_id":832,"bed_id":9},"timestamp":1778328487824}
{"sessionId":"7a3ee5","runId":"pre","hypothesisId":"H1","location":"bed_allocator.c:ba_free","message":"freed_partition_idx","data":{"idx":9},"timestamp":1778328487841}
{"sessionId":"7a3ee5","runId":"pre","hypothesisId":"H3","location":"admissions.c:thread_nurse:park","message":"park_discharge_id","data":{"patient_id":856,"lost_count":1},"timestamp":1778328487901}
{"sessionId":"7a3ee5","runId":"pre","hypothesisId":"H3","location":"admissions.c:thread_nurse:free","message":"free_bed","data":{"patient_id":856,"bed_id":12},"timestamp":1778328487917}
{"sessionId":"7a3ee5","runId":"pre","hypothesisId":"H1","location":"bed_allocator.c:ba_free","message":"freed_partition_idx","data":{"idx":12},"timestamp":1778328487932}
{"sessionId":"7a3ee5","runId":"pre","hypothesisId":"H5","location":"admissions.c:main","message":"join_nurse_isolation_done","data":{},"timestamp":1778328488005}
{"sessionId":"7a3ee5","runId":"pre","hypothesisId":"H5","location":"admissions.c:main","message":"join_nurse_general_begin","data":{},"timestamp":1778328488020}
{"sessionId":"7a3ee5","runId":"pre","hypothesisId":"H5","location":"admissions.c:main","message":"join_nurse_general_done","data":{},"timestamp":1778328488036}
{"sessionId":"7a3ee5","runId":"pre","hypothesisId":"H5","location":"admissions.c:sigterm_handler","message":"sigterm_received","data":{"running":0},"timestamp":1778328488472}
{"sessionId":"7a3ee5","runId":"pre","hypothesisId":"H5","location":"admissions.c:thread_receptionist","message":"exit","data":{},"timestamp":1778328488472}
{"sessionId":"7a3ee5","runId":"pre","hypothesisId":"H3","location":"admissions.c:thread_nurse:park","message":"park_discharge_id","data":{"patient_id":860,"lost_count":2},"timestamp":1778328489112}
{"sessionId":"7a3ee5","runId":"pre","hypothesisId":"H3","location":"admissions.c:thread_nurse:free","message":"free_bed","data":{"patient_id":844,"bed_id":11},"timestamp":1778328489133}
{"sessionId":"7a3ee5","runId":"pre","hypothesisId":"H1","location":"bed_allocator.c:ba_free","message":"freed_partition_idx","data":{"idx":11},"timestamp":1778328489152}
{"sessionId":"7a3ee5","runId":"pre","hypothesisId":"H5","location":"admissions.c:main","message":"join_nurse_isolation_done","data":{},"timestamp":1778328489218}
{"sessionId":"7a3ee5","runId":"pre","hypothesisId":"H5","location":"admissions.c:main","message":"join_nurse_general_begin","data":{},"timestamp":1778328489237}
{"sessionId":"7a3ee5","runId":"pre","hypothesisId":"H5","location":"admissions.c:main","message":"join_nurse_general_done","data":{},"timestamp":1778328489256}
{"sessionId":"7a3ee5","runId":"pre","hypothesisId":"H5","location":"admissions.c:main","message":"join_begin","data":{},"timestamp":1778328489676}
{"sessionId":"7a3ee5","runId":"pre","hypothesisId":"H5","location":"admissions.c:main","message":"join_receptionist_begin","data":{},"timestamp":1778328489696}
{"sessionId":"7a3ee5","runId":"pre","hypothesisId":"H5","location":"admissions.c:main","message":"join_receptionist_done","data":{},"timestamp":1778328489715}
{"sessionId":"7a3ee5","runId":"pre","hypothesisId":"H5","location":"admissions.c:main","message":"join_scheduler_begin","data":{},"timestamp":1778328489733}
